// Jest Snapshot v1, https://goo.gl/fbAQLP

exports[`Test on <AppRouter/> should show wait 1`] = `
<h5>
  Wait...
</h5>
`;
